<html>
<body>
<pre>
<h1>µVision Build Log</h1>
<h2>Tool Versions:</h2>
IDE-Version: µVision V5.14.0.0
Copyright (C) 2015 ARM Ltd and ARM Germany GmbH. All rights reserved.
License Information: eer werwe, wer, LIC=----
 
Tool Versions:
Toolchain:       MDK-Lite  Version: 5.14.0.0
Toolchain Path:  C:\Keil_v5\ARM\ARMCC\Bin
C Compiler:      Armcc.exe V5.05 update 1 (build 106)
Assembler:       Armasm.exe V5.05 update 1 (build 106)
Linker/Locator:  ArmLink.exe V5.05 update 1 (build 106)
Library Manager: ArmAr.exe V5.05 update 1 (build 106)
Hex Converter:   FromElf.exe V5.05 update 1 (build 106)
CPU DLL:         SARMCM3.DLL V5.14.0.0
Dialog DLL:      DCM.DLL V1.13.1.0
Target DLL:      STLink\ST-LINKIII-KEIL_SWO.dll V2.0.14.0_KEIL
Dialog DLL:      TCM.DLL V1.14.4.0
 
<h2>Project:</h2>
D:\Projects\Embedded\Ili9341-Stm32\ILI9341\ILI9341.uvprojx
Project File Date:  09/07/2023

<h2>Output:</h2>
Build target 'Target 1'
compiling usart.c...
User\lcd.h(85): warning:  #1295-D: Deprecated declaration LCD_Init - give arg types
  void LCD_Init();
User\usart.h(12): warning:  #1295-D: Deprecated declaration SPI_ReadByte - give arg types
  void SPI_ReadByte();
User\usart.c: 2 warnings, 0 errors
linking...
Program Size: Code=3996 RO-data=424 RW-data=88 ZI-data=36672  
FromELF: creating hex file...
".\Objects\ILI9341.axf" - 0 Error(s), 2 Warning(s).

<h2>Collection of Component include folders:</h2>
  D:\Projects\Embedded\Ili9341-Stm32\ILI9341\RTE
  C:\Keil_v5\ARM\PACK\Keil\STM32F3xx_DFP\2.2.2

<h2>Collection of Component Files used:</h2>
</pre>
</body>
</html>
